{
  "checks": {
    "ready": true,
    "assetLoaded": true,
    "emotionButtons": true,
    "activeParts": true,
    "renderer": true,
    "a05Cleanup": true,
    "a05DetachedComponentRemoved": true,
    "excitedUsesRaisedArms": true,
    "lipSmall": true,
    "lipMedium": true,
    "lipLarge": true,
    "blinkUsesClosedPart": true,
    "allEmotionPartsDiffer": true,
    "noConsoleErrors": true
  },
  "a05CleanupStats": {
    "opaqueBefore": 14564,
    "keptPixels": 12001,
    "removedPixels": 2563,
    "componentsBefore": 147,
    "componentsAfter": 1
  },
  "pass": true
}
