{
  "started": "2026-08-22T05:02:34.089Z",
  "checks": {
    "ready": true,
    "assetLoaded": true,
    "configV13": true,
    "activeParts72": true,
    "lipVisemes7": true,
    "browProfiles16": true,
    "explicitLayerMode": true,
    "oneRaisedSideCorrect": true,
    "reviewedEmotionMouths": true,
    "reviewedEmotionArms": true,
    "browsMeaningfullyDifferent": true,
    "visemeRange": true,
    "lipSmoothingActive": false,
    "noConsoleErrors": true
  },
  "visemes": [
    "M09",
    "M10",
    "M11",
    "M12",
    "M13",
    "M14",
    "M15"
  ],
  "lipSamples": [
    {
      "input": 0.08,
      "mouthOpen": 0.07815182152170987,
      "mouthOpenRaw": 0.08,
      "sprite": "M09",
      "index": 0
    },
    {
      "input": 0.21,
      "mouthOpen": 0.2069566604598267,
      "mouthOpenRaw": 0.21,
      "sprite": "M10",
      "index": 1
    },
    {
      "input": 0.34,
      "mouthOpen": 0.33692640203977503,
      "mouthOpenRaw": 0.34,
      "sprite": "M11",
      "index": 2
    },
    {
      "input": 0.5,
      "mouthOpen": 0.4962326360734071,
      "mouthOpenRaw": 0.5,
      "sprite": "M12",
      "index": 3
    },
    {
      "input": 0.65,
      "mouthOpen": 0.646462406950016,
      "mouthOpenRaw": 0.65,
      "sprite": "M13",
      "index": 4
    },
    {
      "input": 0.8,
      "mouthOpen": 0.7964529390614569,
      "mouthOpenRaw": 0.8,
      "sprite": "M14",
      "index": 5
    },
    {
      "input": 0.98,
      "mouthOpen": 0.9757596534027496,
      "mouthOpenRaw": 0.98,
      "sprite": "M15",
      "index": 6
    }
  ],
  "browModel": {
    "neutral": {
      "brows": [
        "B01",
        "B02"
      ],
      "browPose": {
        "left": {
          "dy": 0,
          "angle": 0,
          "scale": 1
        },
        "right": {
          "dy": 0,
          "angle": 0,
          "scale": 1
        }
      }
    },
    "happy": {
      "brows": [
        "B01",
        "B02"
      ],
      "browPose": {
        "left": {
          "dy": 2,
          "angle": -2,
          "scale": 1
        },
        "right": {
          "dy": 2,
          "angle": 2,
          "scale": 1
        }
      }
    },
    "excited": {
      "brows": [
        "B03",
        "B04"
      ],
      "browPose": {
        "left": {
          "dy": -7,
          "angle": -5,
          "scale": 1.05
        },
        "right": {
          "dy": -7,
          "angle": 5,
          "scale": 1.05
        }
      }
    },
    "teasing": {
      "brows": [
        "B01",
        "B02"
      ],
      "browPose": {
        "left": {
          "dy": -7,
          "angle": -7,
          "scale": 1.03
        },
        "right": {
          "dy": 2,
          "angle": 3,
          "scale": 0.98
        }
      }
    },
    "pleading": {
      "brows": [
        "B05",
        "B06"
      ],
      "browPose": {
        "left": {
          "dy": -2,
          "angle": -4,
          "scale": 1.02
        },
        "right": {
          "dy": -2,
          "angle": 4,
          "scale": 1.02
        }
      }
    },
    "relaxed": {
      "brows": [
        "B01",
        "B02"
      ],
      "browPose": {
        "left": {
          "dy": 4,
          "angle": 1,
          "scale": 0.96
        },
        "right": {
          "dy": 4,
          "angle": -1,
          "scale": 0.96
        }
      }
    },
    "sick": {
      "brows": [
        "B05",
        "B06"
      ],
      "browPose": {
        "left": {
          "dy": 2,
          "angle": -2,
          "scale": 0.98
        },
        "right": {
          "dy": 2,
          "angle": 2,
          "scale": 0.98
        }
      }
    },
    "angry": {
      "brows": [],
      "browPose": {
        "left": {},
        "right": {}
      }
    },
    "annoyed": {
      "brows": [
        "B01",
        "B02"
      ],
      "browPose": {
        "left": {
          "dy": 1,
          "angle": 5,
          "scale": 1
        },
        "right": {
          "dy": -5,
          "angle": -6,
          "scale": 1.03
        }
      }
    },
    "sad": {
      "brows": [
        "B05",
        "B06"
      ],
      "browPose": {
        "left": {
          "dy": -1,
          "angle": -6,
          "scale": 1.03
        },
        "right": {
          "dy": -1,
          "angle": 6,
          "scale": 1.03
        }
      }
    },
    "surprised": {
      "brows": [
        "B03",
        "B04"
      ],
      "browPose": {
        "left": {
          "dy": -10,
          "angle": -2,
          "scale": 1.08
        },
        "right": {
          "dy": -10,
          "angle": 2,
          "scale": 1.08
        }
      }
    },
    "embarrassed": {
      "brows": [
        "B03",
        "B04"
      ],
      "browPose": {
        "left": {
          "dy": -4,
          "angle": -4,
          "scale": 0.98
        },
        "right": {
          "dy": -4,
          "angle": 4,
          "scale": 0.98
        }
      }
    },
    "scared": {
      "brows": [
        "B05",
        "B06"
      ],
      "browPose": {
        "left": {
          "dy": -8,
          "angle": -5,
          "scale": 1.06
        },
        "right": {
          "dy": -8,
          "angle": 5,
          "scale": 1.06
        }
      }
    },
    "smug": {
      "brows": [
        "B01",
        "B02"
      ],
      "browPose": {
        "left": {
          "dy": 2,
          "angle": 5,
          "scale": 0.98
        },
        "right": {
          "dy": -5,
          "angle": -6,
          "scale": 1.04
        }
      }
    },
    "confused": {
      "brows": [
        "B03",
        "B04"
      ],
      "browPose": {
        "left": {
          "dy": -8,
          "angle": -7,
          "scale": 1.05
        },
        "right": {
          "dy": 1,
          "angle": 4,
          "scale": 0.98
        }
      }
    },
    "love": {
      "brows": [
        "B01",
        "B02"
      ],
      "browPose": {
        "left": {
          "dy": -2,
          "angle": -2,
          "scale": 1
        },
        "right": {
          "dy": -2,
          "angle": 2,
          "scale": 1
        }
      }
    }
  },
  "neutral": {
    "ready": true,
    "renderer": "Sprite parts + micro-mesh",
    "assetLoaded": true,
    "emotion": "neutral",
    "fps": 60,
    "errors": [],
    "assetMode": "v13-active-atlas",
    "sheetCount": 1,
    "configVersion": "1.3.0-active72-layered-viseme7",
    "configUrl": "config/jirai-v13-atlas.json",
    "params": {
      "headAngle": 0,
      "headTurn": 0,
      "bodyLean": 0,
      "bodySquash": 0,
      "armL": 0,
      "armR": 0,
      "legL": 0,
      "legR": 0,
      "energy": 0.1,
      "blush": 0,
      "globalX": 0,
      "globalBob": 0.1532912426527723,
      "breath": 0.9993273188994123,
      "blinkOpen": 1,
      "mouthOpen": 0,
      "transition": 1,
      "emotion": "neutral",
      "previousEmotion": "neutral",
      "mouthOpenRaw": 0
    },
    "parts": {
      "eyes": "E01/E02",
      "brows": "B01/B02",
      "mouth": "M01",
      "arms": "down",
      "legs": "straight",
      "faceOverlays": "-",
      "faceFx": "-",
      "blinkOpen": 1,
      "mouthOpen": 0,
      "mouthOpenRaw": 0,
      "visemeIndex": null,
      "layerMode": "v13-explicit-back-front"
    },
    "buttonCount": 16,
    "mesh": {
      "mode": "sprite-parts+micro-mesh",
      "inverted": 0,
      "degenerate": 0,
      "activeParts": 72,
      "cleanedParts": [
        "A05"
      ],
      "cleanedCount": 1,
      "cleanupStats": {
        "A05": {
          "opaqueBefore": 12001,
          "keptPixels": 12001,
          "removedPixels": 0,
          "componentsBefore": 1,
          "componentsAfter": 1
        }
      },
      "pivotSpriteMotion": true,
      "shoulderPivotMotion": true,
      "hipPivotMotion": true,
      "hairRootPivotMotion": true,
      "v13LayerOrder": true,
      "v13BrowProfiles": 16,
      "v13LipVisemes": 7
    },
    "mouthSprite": "M01",
    "browSprite": "B01/B02",
    "eyeSprite": "E01/E02",
    "armPose": "down",
    "visemeIndex": null
  },
  "emotion": {
    "neutral": {
      "ready": true,
      "renderer": "Sprite parts + micro-mesh",
      "assetLoaded": true,
      "emotion": "neutral",
      "fps": 56,
      "errors": [],
      "assetMode": "v13-active-atlas",
      "sheetCount": 1,
      "configVersion": "1.3.0-active72-layered-viseme7",
      "configUrl": "config/jirai-v13-atlas.json",
      "params": {
        "headAngle": 0,
        "headTurn": 0,
        "bodyLean": 0,
        "bodySquash": 0,
        "armL": 0,
        "armR": 0,
        "legL": 0,
        "legR": 0,
        "energy": 0.1,
        "blush": 0,
        "globalX": 0,
        "globalBob": -0.008800034430609427,
        "breath": 0.2859947709947949,
        "blinkOpen": 1,
        "mouthOpen": 0,
        "transition": 1,
        "emotion": "neutral",
        "previousEmotion": "neutral",
        "mouthOpenRaw": 0
      },
      "parts": {
        "eyes": "E01/E02",
        "brows": "B01/B02",
        "mouth": "M01",
        "arms": "down",
        "legs": "straight",
        "faceOverlays": "-",
        "faceFx": "-",
        "blinkOpen": 1,
        "mouthOpen": 0,
        "mouthOpenRaw": 0,
        "visemeIndex": null,
        "layerMode": "v13-explicit-back-front"
      },
      "buttonCount": 16,
      "mesh": {
        "mode": "sprite-parts+micro-mesh",
        "inverted": 0,
        "degenerate": 0,
        "activeParts": 72,
        "cleanedParts": [
          "A05"
        ],
        "cleanedCount": 1,
        "cleanupStats": {
          "A05": {
            "opaqueBefore": 12001,
            "keptPixels": 12001,
            "removedPixels": 0,
            "componentsBefore": 1,
            "componentsAfter": 1
          }
        },
        "pivotSpriteMotion": true,
        "shoulderPivotMotion": true,
        "hipPivotMotion": true,
        "hairRootPivotMotion": true,
        "v13LayerOrder": true,
        "v13BrowProfiles": 16,
        "v13LipVisemes": 7
      },
      "mouthSprite": "M01",
      "browSprite": "B01/B02",
      "eyeSprite": "E01/E02",
      "armPose": "down",
      "visemeIndex": null
    },
    "happy": {
      "ready": true,
      "renderer": "Sprite parts + micro-mesh",
      "assetLoaded": true,
      "emotion": "happy",
      "fps": 61,
      "errors": [],
      "assetMode": "v13-active-atlas",
      "sheetCount": 1,
      "configVersion": "1.3.0-active72-layered-viseme7",
      "configUrl": "config/jirai-v13-atlas.json",
      "params": {
        "headAngle": -1.4999999495389444,
        "headTurn": 0,
        "bodyLean": 0,
        "bodySquash": 0,
        "armL": -4.000006620660243,
        "armR": 4.000006620660243,
        "legL": 0,
        "legR": 0,
        "energy": 0.44999998822575366,
        "blush": 0.24999999158982403,
        "globalX": 0,
        "globalBob": -1.033131519784744,
        "breath": -0.5525050473792805,
        "blinkOpen": 1,
        "mouthOpen": 0,
        "transition": 1,
        "emotion": "happy",
        "previousEmotion": "neutral",
        "mouthOpenRaw": 0
      },
      "parts": {
        "eyes": "E03/E04",
        "brows": "B01/B02",
        "mouth": "M05",
        "arms": "open",
        "legs": "straight",
        "faceOverlays": "-",
        "faceFx": "FX01/FX02",
        "blinkOpen": 1,
        "mouthOpen": 0,
        "mouthOpenRaw": 0,
        "visemeIndex": null,
        "layerMode": "v13-explicit-back-front"
      },
      "buttonCount": 16,
      "mesh": {
        "mode": "sprite-parts+micro-mesh",
        "inverted": 0,
        "degenerate": 0,
        "activeParts": 72,
        "cleanedParts": [
          "A05"
        ],
        "cleanedCount": 1,
        "cleanupStats": {
          "A05": {
            "opaqueBefore": 12001,
            "keptPixels": 12001,
            "removedPixels": 0,
            "componentsBefore": 1,
            "componentsAfter": 1
          }
        },
        "pivotSpriteMotion": true,
        "shoulderPivotMotion": true,
        "hipPivotMotion": true,
        "hairRootPivotMotion": true,
        "v13LayerOrder": true,
        "v13BrowProfiles": 16,
        "v13LipVisemes": 7
      },
      "mouthSprite": "M05",
      "browSprite": "B01/B02",
      "eyeSprite": "E03/E04",
      "armPose": "open",
      "visemeIndex": null
    },
    "excited": {
      "ready": true,
      "renderer": "Sprite parts + micro-mesh",
      "assetLoaded": true,
      "emotion": "excited",
      "fps": 61,
      "errors": [],
      "assetMode": "v13-active-atlas",
      "sheetCount": 1,
      "configVersion": "1.3.0-active72-layered-viseme7",
      "configUrl": "config/jirai-v13-atlas.json",
      "params": {
        "headAngle": 1.4999999253073342,
        "headTurn": 0,
        "bodyLean": 0,
        "bodySquash": -0.01315721565627118,
        "armL": -6.000001722706781,
        "armR": 6.000001722706781,
        "legL": -5.9851850064514664,
        "legR": 5.9851850064514664,
        "energy": 0.9999999863063442,
        "blush": 6.224388731757484e-9,
        "globalX": 0,
        "globalBob": -8.045448913843781,
        "breath": -0.9939540586830725,
        "blinkOpen": 1,
        "mouthOpen": 0,
        "transition": 1,
        "emotion": "excited",
        "previousEmotion": "happy",
        "mouthOpenRaw": 0
      },
      "parts": {
        "eyes": "E01/E02",
        "brows": "B03/B04",
        "mouth": "M05",
        "arms": "raised",
        "legs": "straight",
        "faceOverlays": "-",
        "faceFx": "-",
        "blinkOpen": 1,
        "mouthOpen": 0,
        "mouthOpenRaw": 0,
        "visemeIndex": null,
        "layerMode": "v13-explicit-back-front"
      },
      "buttonCount": 16,
      "mesh": {
        "mode": "sprite-parts+micro-mesh",
        "inverted": 0,
        "degenerate": 0,
        "activeParts": 72,
        "cleanedParts": [
          "A05"
        ],
        "cleanedCount": 1,
        "cleanupStats": {
          "A05": {
            "opaqueBefore": 12001,
            "keptPixels": 12001,
            "removedPixels": 0,
            "componentsBefore": 1,
            "componentsAfter": 1
          }
        },
        "pivotSpriteMotion": true,
        "shoulderPivotMotion": true,
        "hipPivotMotion": true,
        "hairRootPivotMotion": true,
        "v13LayerOrder": true,
        "v13BrowProfiles": 16,
        "v13LipVisemes": 7
      },
      "mouthSprite": "M05",
      "browSprite": "B03/B04",
      "eyeSprite": "E01/E02",
      "armPose": "raised",
      "visemeIndex": null
    },
    "teasing": {
      "ready": true,
      "renderer": "Sprite parts + micro-mesh",
      "assetLoaded": true,
      "emotion": "teasing",
      "fps": 57,
      "errors": [],
      "assetMode": "v13-active-atlas",
      "sheetCount": 1,
      "configVersion": "1.3.0-active72-layered-viseme7",
      "configUrl": "config/jirai-v13-atlas.json",
      "params": {
        "headAngle": -3.999999905145458,
        "headTurn": 0.07999999862029757,
        "bodyLean": -2.931776300095196,
        "bodySquash": 0,
        "armL": 1.4908433475412777,
        "armR": -0.0000027158334650103373,
        "legL": 0.0000013579167568956706,
        "legR": -0.0000013579167568956706,
        "energy": 0.5500000077608262,
        "blush": -8.45969597444134e-20,
        "globalX": 0,
        "globalBob": 0.08789805850699772,
        "breath": -0.44379454708584515,
        "blinkOpen": 1,
        "mouthOpen": 0,
        "transition": 1,
        "emotion": "teasing",
        "previousEmotion": "excited",
        "mouthOpenRaw": 0
      },
      "parts": {
        "eyes": "E01/E04",
        "brows": "B01/B02",
        "mouth": "M08",
        "arms": "oneRaisedLeft",
        "legs": "bentLeft",
        "faceOverlays": "-",
        "faceFx": "-",
        "blinkOpen": 1,
        "mouthOpen": 0,
        "mouthOpenRaw": 0,
        "visemeIndex": null,
        "layerMode": "v13-explicit-back-front"
      },
      "buttonCount": 16,
      "mesh": {
        "mode": "sprite-parts+micro-mesh",
        "inverted": 0,
        "degenerate": 0,
        "activeParts": 72,
        "cleanedParts": [
          "A05"
        ],
        "cleanedCount": 1,
        "cleanupStats": {
          "A05": {
            "opaqueBefore": 12001,
            "keptPixels": 12001,
            "removedPixels": 0,
            "componentsBefore": 1,
            "componentsAfter": 1
          }
        },
        "pivotSpriteMotion": true,
        "shoulderPivotMotion": true,
        "hipPivotMotion": true,
        "hairRootPivotMotion": true,
        "v13LayerOrder": true,
        "v13BrowProfiles": 16,
        "v13LipVisemes": 7
      },
      "mouthSprite": "M08",
      "browSprite": "B01/B02",
      "eyeSprite": "E01/E04",
      "armPose": "oneRaisedLeft",
      "visemeIndex": null
    },
    "pleading": {
      "ready": true,
      "renderer": "Sprite parts + micro-mesh",
      "assetLoaded": true,
      "emotion": "pleading",
      "fps": 60,
      "errors": [],
      "assetMode": "v13-active-atlas",
      "sheetCount": 1,
      "configVersion": "1.3.0-active72-layered-viseme7",
      "configUrl": "config/jirai-v13-atlas.json",
      "params": {
        "headAngle": 3.4999998132664696,
        "headTurn": 1.991824316014756e-9,
        "bodyLean": 1.0000025841270361,
        "bodySquash": 0,
        "armL": 1.1264949810990879,
        "armR": 1.1264949810821858,
        "legL": 4.225520510148594e-12,
        "legR": -4.225520510148594e-12,
        "energy": 0.12000001070605595,
        "blush": 0.14999999626532934,
        "globalX": 0,
        "globalBob": 0.7089957964463733,
        "breath": 0.4037228646840916,
        "blinkOpen": 1,
        "mouthOpen": 0,
        "transition": 1,
        "emotion": "pleading",
        "previousEmotion": "teasing",
        "mouthOpenRaw": 0
      },
      "parts": {
        "eyes": "E09/E10",
        "brows": "B05/B06",
        "mouth": "M01",
        "arms": "clasped",
        "legs": "straight",
        "faceOverlays": "-",
        "faceFx": "-",
        "blinkOpen": 1,
        "mouthOpen": 0,
        "mouthOpenRaw": 0,
        "visemeIndex": null,
        "layerMode": "v13-explicit-back-front"
      },
      "buttonCount": 16,
      "mesh": {
        "mode": "sprite-parts+micro-mesh",
        "inverted": 0,
        "degenerate": 0,
        "activeParts": 72,
        "cleanedParts": [
          "A05"
        ],
        "cleanedCount": 1,
        "cleanupStats": {
          "A05": {
            "opaqueBefore": 12001,
            "keptPixels": 12001,
            "removedPixels": 0,
            "componentsBefore": 1,
            "componentsAfter": 1
          }
        },
        "pivotSpriteMotion": true,
        "shoulderPivotMotion": true,
        "hipPivotMotion": true,
        "hairRootPivotMotion": true,
        "v13LayerOrder": true,
        "v13BrowProfiles": 16,
        "v13LipVisemes": 7
      },
      "mouthSprite": "M01",
      "browSprite": "B05/B06",
      "eyeSprite": "E09/E10",
      "armPose": "clasped",
      "visemeIndex": null
    },
    "relaxed": {
      "ready": true,
      "renderer": "Sprite parts + micro-mesh",
      "assetLoaded": true,
      "emotion": "relaxed",
      "fps": 56,
      "errors": [],
      "assetMode": "v13-active-atlas",
      "sheetCount": 1,
      "configVersion": "1.3.0-active72-layered-viseme7",
      "configUrl": "config/jirai-v13-atlas.json",
      "params": {
        "headAngle": -2.499999855207828,
        "headTurn": -0.04999999879339857,
        "bodyLean": 1.2000001915433915,
        "bodySquash": 0,
        "armL": 7.242608230200106e-20,
        "armR": -7.242608230200106e-20,
        "legL": 3.6213041443602675e-20,
        "legR": -3.6213041443602675e-20,
        "energy": 0.050000001689242006,
        "blush": 3.6198042920055128e-9,
        "globalX": 0,
        "globalBob": 0.06989498593027475,
        "breath": 0.9978377764163241,
        "blinkOpen": 1,
        "mouthOpen": 0,
        "transition": 1,
        "emotion": "relaxed",
        "previousEmotion": "pleading",
        "mouthOpenRaw": 0
      },
      "parts": {
        "eyes": "E05/E06",
        "brows": "B01/B02",
        "mouth": "M06",
        "arms": "cheek",
        "legs": "straight",
        "faceOverlays": "-",
        "faceFx": "-",
        "blinkOpen": 1,
        "mouthOpen": 0,
        "mouthOpenRaw": 0,
        "visemeIndex": null,
        "layerMode": "v13-explicit-back-front"
      },
      "buttonCount": 16,
      "mesh": {
        "mode": "sprite-parts+micro-mesh",
        "inverted": 0,
        "degenerate": 0,
        "activeParts": 72,
        "cleanedParts": [
          "A05"
        ],
        "cleanedCount": 1,
        "cleanupStats": {
          "A05": {
            "opaqueBefore": 12001,
            "keptPixels": 12001,
            "removedPixels": 0,
            "componentsBefore": 1,
            "componentsAfter": 1
          }
        },
        "pivotSpriteMotion": true,
        "shoulderPivotMotion": true,
        "hipPivotMotion": true,
        "hairRootPivotMotion": true,
        "v13LayerOrder": true,
        "v13BrowProfiles": 16,
        "v13LipVisemes": 7
      },
      "mouthSprite": "M06",
      "browSprite": "B01/B02",
      "eyeSprite": "E05/E06",
      "armPose": "cheek",
      "visemeIndex": null
    },
    "sick": {
      "ready": true,
      "renderer": "Sprite parts + micro-mesh",
      "assetLoaded": true,
      "emotion": "sick",
      "fps": 60,
      "errors": [],
      "assetMode": "v13-active-atlas",
      "sheetCount": 1,
      "configVersion": "1.3.0-active72-layered-viseme7",
      "configUrl": "config/jirai-v13-atlas.json",
      "params": {
        "headAngle": 4.499999826029489,
        "headTurn": -1.2426465067016413e-9,
        "bodyLean": 3.2145393273047667,
        "bodySquash": 0.019999999502941387,
        "armL": 1.5980739807313376e-25,
        "armR": -1.5980739807313376e-25,
        "legL": 7.990369851435115e-26,
        "legR": -7.990369851435115e-26,
        "energy": 0.02000000074558795,
        "blush": 6.640091450796772e-17,
        "globalX": 0,
        "globalBob": 1.1485165068945642,
        "breath": 0.5887201687521593,
        "blinkOpen": 1,
        "mouthOpen": 0,
        "transition": 1,
        "emotion": "sick",
        "previousEmotion": "relaxed",
        "mouthOpenRaw": 0
      },
      "parts": {
        "eyes": "E05/E06",
        "brows": "B05/B06",
        "mouth": "M17",
        "arms": "down",
        "legs": "straight",
        "faceOverlays": "F02/F03",
        "faceFx": "-",
        "blinkOpen": 1,
        "mouthOpen": 0,
        "mouthOpenRaw": 0,
        "visemeIndex": null,
        "layerMode": "v13-explicit-back-front"
      },
      "buttonCount": 16,
      "mesh": {
        "mode": "sprite-parts+micro-mesh",
        "inverted": 0,
        "degenerate": 0,
        "activeParts": 72,
        "cleanedParts": [
          "A05"
        ],
        "cleanedCount": 1,
        "cleanupStats": {
          "A05": {
            "opaqueBefore": 12001,
            "keptPixels": 12001,
            "removedPixels": 0,
            "componentsBefore": 1,
            "componentsAfter": 1
          }
        },
        "pivotSpriteMotion": true,
        "shoulderPivotMotion": true,
        "hipPivotMotion": true,
        "hairRootPivotMotion": true,
        "v13LayerOrder": true,
        "v13BrowProfiles": 16,
        "v13LipVisemes": 7
      },
      "mouthSprite": "M17",
      "browSprite": "B05/B06",
      "eyeSprite": "E05/E06",
      "armPose": "down",
      "visemeIndex": null
    },
    "angry": {
      "ready": true,
      "renderer": "Sprite parts + micro-mesh",
      "assetLoaded": true,
      "emotion": "angry",
      "fps": 61,
      "errors": [],
      "assetMode": "v13-active-atlas",
      "sheetCount": 1,
      "configVersion": "1.3.0-active72-layered-viseme7",
      "configUrl": "config/jirai-v13-atlas.json",
      "params": {
        "headAngle": -0.9999998628180098,
        "headTurn": -2.1854216315462684e-17,
        "bodyLean": -2.000003629674837,
        "bodySquash": 4.988436031922368e-10,
        "armL": 1.4065480757084306e-31,
        "armR": -1.4065480757084306e-31,
        "legL": 7.032740280643255e-32,
        "legR": -7.032740280643255e-32,
        "energy": 0.8499999792979901,
        "blush": 9.817671575994598e-25,
        "globalX": 0.5958242596638865,
        "globalBob": -0.4893096566548648,
        "breath": -0.24333061998984476,
        "blinkOpen": 1,
        "mouthOpen": 0,
        "transition": 1,
        "emotion": "angry",
        "previousEmotion": "sick",
        "mouthOpenRaw": 0
      },
      "parts": {
        "eyes": "E07/E08",
        "brows": "integrated/none",
        "mouth": "M16",
        "arms": "crossed",
        "legs": "straight",
        "faceOverlays": "-",
        "faceFx": "-",
        "blinkOpen": 1,
        "mouthOpen": 0,
        "mouthOpenRaw": 0,
        "visemeIndex": null,
        "layerMode": "v13-explicit-back-front"
      },
      "buttonCount": 16,
      "mesh": {
        "mode": "sprite-parts+micro-mesh",
        "inverted": 0,
        "degenerate": 0,
        "activeParts": 72,
        "cleanedParts": [
          "A05"
        ],
        "cleanedCount": 1,
        "cleanupStats": {
          "A05": {
            "opaqueBefore": 12001,
            "keptPixels": 12001,
            "removedPixels": 0,
            "componentsBefore": 1,
            "componentsAfter": 1
          }
        },
        "pivotSpriteMotion": true,
        "shoulderPivotMotion": true,
        "hipPivotMotion": true,
        "hairRootPivotMotion": true,
        "v13LayerOrder": true,
        "v13BrowProfiles": 16,
        "v13LipVisemes": 7
      },
      "mouthSprite": "M16",
      "browSprite": "integrated/none",
      "eyeSprite": "E07/E08",
      "armPose": "crossed",
      "visemeIndex": null
    },
    "annoyed": {
      "ready": true,
      "renderer": "Sprite parts + micro-mesh",
      "assetLoaded": true,
      "emotion": "annoyed",
      "fps": 57,
      "errors": [],
      "assetMode": "v13-active-atlas",
      "sheetCount": 1,
      "configVersion": "1.3.0-active72-layered-viseme7",
      "configUrl": "config/jirai-v13-atlas.json",
      "params": {
        "headAngle": -4.9999999034720854,
        "headTurn": -0.0799999980694417,
        "bodyLean": 0.2871693208663437,
        "bodySquash": -6.755554801672641e-21,
        "armL": 1.994135240657363e-39,
        "armR": -1.994135240657363e-39,
        "legL": 9.970676137347335e-40,
        "legR": -9.970676137347335e-40,
        "energy": 0.12000001761634445,
        "blush": -4.0291464364083716e-35,
        "globalX": 0,
        "globalBob": -0.0576326230191409,
        "breath": -0.994595642448312,
        "blinkOpen": 1,
        "mouthOpen": 0,
        "transition": 1,
        "emotion": "annoyed",
        "previousEmotion": "angry",
        "mouthOpenRaw": 0
      },
      "parts": {
        "eyes": "E05/E06",
        "brows": "B01/B02",
        "mouth": "M16",
        "arms": "crossed",
        "legs": "straight",
        "faceOverlays": "F02/F03",
        "faceFx": "-",
        "blinkOpen": 1,
        "mouthOpen": 0,
        "mouthOpenRaw": 0,
        "visemeIndex": null,
        "layerMode": "v13-explicit-back-front"
      },
      "buttonCount": 16,
      "mesh": {
        "mode": "sprite-parts+micro-mesh",
        "inverted": 0,
        "degenerate": 0,
        "activeParts": 72,
        "cleanedParts": [
          "A05"
        ],
        "cleanedCount": 1,
        "cleanupStats": {
          "A05": {
            "opaqueBefore": 12001,
            "keptPixels": 12001,
            "removedPixels": 0,
            "componentsBefore": 1,
            "componentsAfter": 1
          }
        },
        "pivotSpriteMotion": true,
        "shoulderPivotMotion": true,
        "hipPivotMotion": true,
        "hairRootPivotMotion": true,
        "v13LayerOrder": true,
        "v13BrowProfiles": 16,
        "v13LipVisemes": 7
      },
      "mouthSprite": "M16",
      "browSprite": "B01/B02",
      "eyeSprite": "E05/E06",
      "armPose": "crossed",
      "visemeIndex": null
    },
    "sad": {
      "ready": true,
      "renderer": "Sprite parts + micro-mesh",
      "assetLoaded": true,
      "emotion": "sad",
      "fps": 57,
      "errors": [],
      "assetMode": "v13-active-atlas",
      "sheetCount": 1,
      "configVersion": "1.3.0-active72-layered-viseme7",
      "configUrl": "config/jirai-v13-atlas.json",
      "params": {
        "headAngle": 4.99999982720868,
        "headTurn": -1.3823305557028142e-9,
        "bodyLean": 1.3999999545599786,
        "bodySquash": -5.356719670120297e-32,
        "armL": 2.168411532359026e-48,
        "armR": -2.168411532359026e-48,
        "legL": 1.0842058065129181e-48,
        "legR": -1.0842058065129181e-48,
        "energy": 0.030000001555121874,
        "blush": 5.687732441709319e-46,
        "globalX": 0,
        "globalBob": 1.898791241094026,
        "breath": -0.396582705987829,
        "blinkOpen": 1,
        "mouthOpen": 0,
        "transition": 1,
        "emotion": "sad",
        "previousEmotion": "annoyed",
        "mouthOpenRaw": 0
      },
      "parts": {
        "eyes": "E09/E10",
        "brows": "B05/B06",
        "mouth": "M17",
        "arms": "clasped",
        "legs": "straight",
        "faceOverlays": "-",
        "faceFx": "-",
        "blinkOpen": 1,
        "mouthOpen": 0,
        "mouthOpenRaw": 0,
        "visemeIndex": null,
        "layerMode": "v13-explicit-back-front"
      },
      "buttonCount": 16,
      "mesh": {
        "mode": "sprite-parts+micro-mesh",
        "inverted": 0,
        "degenerate": 0,
        "activeParts": 72,
        "cleanedParts": [
          "A05"
        ],
        "cleanedCount": 1,
        "cleanupStats": {
          "A05": {
            "opaqueBefore": 12001,
            "keptPixels": 12001,
            "removedPixels": 0,
            "componentsBefore": 1,
            "componentsAfter": 1
          }
        },
        "pivotSpriteMotion": true,
        "shoulderPivotMotion": true,
        "hipPivotMotion": true,
        "hairRootPivotMotion": true,
        "v13LayerOrder": true,
        "v13BrowProfiles": 16,
        "v13LipVisemes": 7
      },
      "mouthSprite": "M17",
      "browSprite": "B05/B06",
      "eyeSprite": "E09/E10",
      "armPose": "clasped",
      "visemeIndex": null
    },
    "surprised": {
      "ready": true,
      "renderer": "Sprite parts + micro-mesh",
      "assetLoaded": true,
      "emotion": "surprised",
      "fps": 57,
      "errors": [],
      "assetMode": "v13-active-atlas",
      "sheetCount": 1,
      "configVersion": "1.3.0-active72-layered-viseme7",
      "configUrl": "config/jirai-v13-atlas.json",
      "params": {
        "headAngle": 8.623114607572275e-8,
        "headTurn": 1.92052538897221e-20,
        "bodyLean": -6.336877841805196e-7,
        "bodySquash": -0.01999999965507542,
        "armL": 4.898587196589413e-16,
        "armR": 4.898587196589413e-16,
        "legL": -3.0755011887654166e-56,
        "legR": 3.0755011887654166e-56,
        "energy": 0.849999985858092,
        "blush": -6.195724964149604e-57,
        "globalX": 0,
        "globalBob": 0.30091841741571207,
        "breath": 0.7574273424401223,
        "blinkOpen": 1,
        "mouthOpen": 0,
        "transition": 1,
        "emotion": "surprised",
        "previousEmotion": "sad",
        "mouthOpenRaw": 0
      },
      "parts": {
        "eyes": "E11/E12",
        "brows": "B03/B04",
        "mouth": "M06",
        "arms": "palms",
        "legs": "straight",
        "faceOverlays": "-",
        "faceFx": "-",
        "blinkOpen": 1,
        "mouthOpen": 0,
        "mouthOpenRaw": 0,
        "visemeIndex": null,
        "layerMode": "v13-explicit-back-front"
      },
      "buttonCount": 16,
      "mesh": {
        "mode": "sprite-parts+micro-mesh",
        "inverted": 0,
        "degenerate": 0,
        "activeParts": 72,
        "cleanedParts": [
          "A05"
        ],
        "cleanedCount": 1,
        "cleanupStats": {
          "A05": {
            "opaqueBefore": 12001,
            "keptPixels": 12001,
            "removedPixels": 0,
            "componentsBefore": 1,
            "componentsAfter": 1
          }
        },
        "pivotSpriteMotion": true,
        "shoulderPivotMotion": true,
        "hipPivotMotion": true,
        "hairRootPivotMotion": true,
        "v13LayerOrder": true,
        "v13BrowProfiles": 16,
        "v13LipVisemes": 7
      },
      "mouthSprite": "M06",
      "browSprite": "B03/B04",
      "eyeSprite": "E11/E12",
      "armPose": "palms",
      "visemeIndex": null
    },
    "embarrassed": {
      "ready": true,
      "renderer": "Sprite parts + micro-mesh",
      "assetLoaded": true,
      "emotion": "embarrassed",
      "fps": 61,
      "errors": [],
      "assetMode": "v13-active-atlas",
      "sheetCount": 1,
      "configVersion": "1.3.0-active72-layered-viseme7",
      "configUrl": "config/jirai-v13-atlas.json",
      "params": {
        "headAngle": 2.9999998989198806,
        "headTurn": 0.05999999797839757,
        "bodyLean": 0.7499512357306116,
        "bodySquash": -6.73867466782353e-10,
        "armL": 4.086978434492259e-63,
        "armR": -4.086978434492259e-63,
        "legL": 2.0434896359855038e-63,
        "legR": -2.0434896359855038e-63,
        "energy": 0.18000002257456008,
        "blush": 0.9999999663066262,
        "globalX": 0,
        "globalBob": -0.057607580219399095,
        "breath": 0.9900908282875929,
        "blinkOpen": 1,
        "mouthOpen": 0,
        "transition": 1,
        "emotion": "embarrassed",
        "previousEmotion": "surprised",
        "mouthOpenRaw": 0
      },
      "parts": {
        "eyes": "E03/E04",
        "brows": "B03/B04",
        "mouth": "M02",
        "arms": "clasped",
        "legs": "bentLeft",
        "faceOverlays": "-",
        "faceFx": "FX03/FX04",
        "blinkOpen": 1,
        "mouthOpen": 0,
        "mouthOpenRaw": 0,
        "visemeIndex": null,
        "layerMode": "v13-explicit-back-front"
      },
      "buttonCount": 16,
      "mesh": {
        "mode": "sprite-parts+micro-mesh",
        "inverted": 0,
        "degenerate": 0,
        "activeParts": 72,
        "cleanedParts": [
          "A05"
        ],
        "cleanedCount": 1,
        "cleanupStats": {
          "A05": {
            "opaqueBefore": 12001,
            "keptPixels": 12001,
            "removedPixels": 0,
            "componentsBefore": 1,
            "componentsAfter": 1
          }
        },
        "pivotSpriteMotion": true,
        "shoulderPivotMotion": true,
        "hipPivotMotion": true,
        "hairRootPivotMotion": true,
        "v13LayerOrder": true,
        "v13BrowProfiles": 16,
        "v13LipVisemes": 7
      },
      "mouthSprite": "M02",
      "browSprite": "B03/B04",
      "eyeSprite": "E03/E04",
      "armPose": "clasped",
      "visemeIndex": null
    },
    "scared": {
      "ready": true,
      "renderer": "Sprite parts + micro-mesh",
      "assetLoaded": true,
      "emotion": "scared",
      "fps": 61,
      "errors": [],
      "assetMode": "v13-active-atlas",
      "sheetCount": 1,
      "configVersion": "1.3.0-active72-layered-viseme7",
      "configUrl": "config/jirai-v13-atlas.json",
      "params": {
        "headAngle": 2.000000024897554,
        "headTurn": 1.4938532955413648e-9,
        "bodyLean": -2.6552135928246895e-18,
        "bodySquash": 0.0249999993775611,
        "armL": 8.23611991005646e-68,
        "armR": -8.23611991005646e-68,
        "legL": 4.11805994592506e-68,
        "legR": -4.11805994592506e-68,
        "energy": 0.7199999865553204,
        "blush": 2.4897554925689412e-8,
        "globalX": -0.4132307784518836,
        "globalBob": -0.41866027451122406,
        "breath": 0.5265107205096137,
        "blinkOpen": 1,
        "mouthOpen": 0,
        "transition": 1,
        "emotion": "scared",
        "previousEmotion": "embarrassed",
        "mouthOpenRaw": 0
      },
      "parts": {
        "eyes": "E11/E12",
        "brows": "B05/B06",
        "mouth": "M18",
        "arms": "clasped",
        "legs": "straight",
        "faceOverlays": "F02/F03",
        "faceFx": "-",
        "blinkOpen": 1,
        "mouthOpen": 0,
        "mouthOpenRaw": 0,
        "visemeIndex": null,
        "layerMode": "v13-explicit-back-front"
      },
      "buttonCount": 16,
      "mesh": {
        "mode": "sprite-parts+micro-mesh",
        "inverted": 0,
        "degenerate": 0,
        "activeParts": 72,
        "cleanedParts": [
          "A05"
        ],
        "cleanedCount": 1,
        "cleanupStats": {
          "A05": {
            "opaqueBefore": 12001,
            "keptPixels": 12001,
            "removedPixels": 0,
            "componentsBefore": 1,
            "componentsAfter": 1
          }
        },
        "pivotSpriteMotion": true,
        "shoulderPivotMotion": true,
        "hipPivotMotion": true,
        "hairRootPivotMotion": true,
        "v13LayerOrder": true,
        "v13BrowProfiles": 16,
        "v13LipVisemes": 7
      },
      "mouthSprite": "M18",
      "browSprite": "B05/B06",
      "eyeSprite": "E11/E12",
      "armPose": "clasped",
      "visemeIndex": null
    },
    "smug": {
      "ready": true,
      "renderer": "Sprite parts + micro-mesh",
      "assetLoaded": true,
      "emotion": "smug",
      "fps": 61,
      "errors": [],
      "assetMode": "v13-active-atlas",
      "sheetCount": 1,
      "configVersion": "1.3.0-active72-layered-viseme7",
      "configUrl": "config/jirai-v13-atlas.json",
      "params": {
        "headAngle": -4.499999838455547,
        "headTurn": 0.07999999801176061,
        "bodyLean": -1.6421156087396276,
        "bodySquash": 6.213248082940935e-10,
        "armL": 1.0466298785913917e-73,
        "armR": -1.0466298785913917e-73,
        "legL": 5.233149339999725e-74,
        "legR": -5.233149339999725e-74,
        "energy": 0.22000001242649617,
        "blush": 4.361441429079196e-16,
        "globalX": 0,
        "globalBob": -0.1624588820440422,
        "breath": -0.31557086790611916,
        "blinkOpen": 1,
        "mouthOpen": 0,
        "transition": 1,
        "emotion": "smug",
        "previousEmotion": "scared",
        "mouthOpenRaw": 0
      },
      "parts": {
        "eyes": "E05/E06",
        "brows": "B01/B02",
        "mouth": "M07",
        "arms": "cheek",
        "legs": "straight",
        "faceOverlays": "F02/F03",
        "faceFx": "-",
        "blinkOpen": 1,
        "mouthOpen": 0,
        "mouthOpenRaw": 0,
        "visemeIndex": null,
        "layerMode": "v13-explicit-back-front"
      },
      "buttonCount": 16,
      "mesh": {
        "mode": "sprite-parts+micro-mesh",
        "inverted": 0,
        "degenerate": 0,
        "activeParts": 72,
        "cleanedParts": [
          "A05"
        ],
        "cleanedCount": 1,
        "cleanupStats": {
          "A05": {
            "opaqueBefore": 12001,
            "keptPixels": 12001,
            "removedPixels": 0,
            "componentsBefore": 1,
            "componentsAfter": 1
          }
        },
        "pivotSpriteMotion": true,
        "shoulderPivotMotion": true,
        "hipPivotMotion": true,
        "hairRootPivotMotion": true,
        "v13LayerOrder": true,
        "v13BrowProfiles": 16,
        "v13LipVisemes": 7
      },
      "mouthSprite": "M07",
      "browSprite": "B01/B02",
      "eyeSprite": "E05/E06",
      "armPose": "cheek",
      "visemeIndex": null
    },
    "confused": {
      "ready": true,
      "renderer": "Sprite parts + micro-mesh",
      "assetLoaded": true,
      "emotion": "confused",
      "fps": 61,
      "errors": [],
      "assetMode": "v13-active-atlas",
      "sheetCount": 1,
      "configVersion": "1.3.0-active72-layered-viseme7",
      "configUrl": "config/jirai-v13-atlas.json",
      "params": {
        "headAngle": 6.999999713678113,
        "headTurn": -0.049999996763317796,
        "bodyLean": 0.16893453709099013,
        "bodySquash": 6.986573067790505e-18,
        "armL": 4.845883877918111e-80,
        "armR": -4.845883877918111e-80,
        "legL": 2.4229418953108192e-80,
        "legR": -2.4229418953108192e-80,
        "energy": 0.20000000049795127,
        "blush": 3.682064227916214e-24,
        "globalX": 0,
        "globalBob": 0.02653883727243418,
        "breath": -0.9388983252258137,
        "blinkOpen": 1,
        "mouthOpen": 0,
        "transition": 1,
        "emotion": "confused",
        "previousEmotion": "smug",
        "mouthOpenRaw": 0
      },
      "parts": {
        "eyes": "E01/E02",
        "brows": "B03/B04",
        "mouth": "M06",
        "arms": "cheek",
        "legs": "straight",
        "faceOverlays": "-",
        "faceFx": "-",
        "blinkOpen": 1,
        "mouthOpen": 0,
        "mouthOpenRaw": 0,
        "visemeIndex": null,
        "layerMode": "v13-explicit-back-front"
      },
      "buttonCount": 16,
      "mesh": {
        "mode": "sprite-parts+micro-mesh",
        "inverted": 0,
        "degenerate": 0,
        "activeParts": 72,
        "cleanedParts": [
          "A05"
        ],
        "cleanedCount": 1,
        "cleanupStats": {
          "A05": {
            "opaqueBefore": 12001,
            "keptPixels": 12001,
            "removedPixels": 0,
            "componentsBefore": 1,
            "componentsAfter": 1
          }
        },
        "pivotSpriteMotion": true,
        "shoulderPivotMotion": true,
        "hipPivotMotion": true,
        "hairRootPivotMotion": true,
        "v13LayerOrder": true,
        "v13BrowProfiles": 16,
        "v13LipVisemes": 7
      },
      "mouthSprite": "M06",
      "browSprite": "B03/B04",
      "eyeSprite": "E01/E02",
      "armPose": "cheek",
      "visemeIndex": null
    },
    "love": {
      "ready": true,
      "renderer": "Sprite parts + micro-mesh",
      "assetLoaded": true,
      "emotion": "love",
      "fps": 56,
      "errors": [],
      "assetMode": "v13-active-atlas",
      "sheetCount": 1,
      "configVersion": "1.3.0-active72-layered-viseme7",
      "configUrl": "config/jirai-v13-atlas.json",
      "params": {
        "headAngle": -1.999999844783938,
        "headTurn": -8.623114560757032e-10,
        "bodyLean": -1.3128060691384503e-14,
        "bodySquash": -1.7711332522356373e-28,
        "armL": 0.8649740263504776,
        "armR": 0.8649740263504776,
        "legL": 3.142487029710769e-88,
        "legR": -3.142487029710769e-88,
        "energy": 0.7199999910319608,
        "blush": 0.549999990514574,
        "globalX": 0,
        "globalBob": -1.5414997868766371,
        "breath": -0.6091767443796341,
        "blinkOpen": 1,
        "mouthOpen": 0,
        "transition": 1,
        "emotion": "love",
        "previousEmotion": "confused",
        "mouthOpenRaw": 0
      },
      "parts": {
        "eyes": "E13/E14",
        "brows": "B01/B02",
        "mouth": "M05",
        "arms": "clasped",
        "legs": "straight",
        "faceOverlays": "-",
        "faceFx": "FX01/FX02/FX03/FX04",
        "blinkOpen": 1,
        "mouthOpen": 0,
        "mouthOpenRaw": 0,
        "visemeIndex": null,
        "layerMode": "v13-explicit-back-front"
      },
      "buttonCount": 16,
      "mesh": {
        "mode": "sprite-parts+micro-mesh",
        "inverted": 0,
        "degenerate": 0,
        "activeParts": 72,
        "cleanedParts": [
          "A05"
        ],
        "cleanedCount": 1,
        "cleanupStats": {
          "A05": {
            "opaqueBefore": 12001,
            "keptPixels": 12001,
            "removedPixels": 0,
            "componentsBefore": 1,
            "componentsAfter": 1
          }
        },
        "pivotSpriteMotion": true,
        "shoulderPivotMotion": true,
        "hipPivotMotion": true,
        "hairRootPivotMotion": true,
        "v13LayerOrder": true,
        "v13BrowProfiles": 16,
        "v13LipVisemes": 7
      },
      "mouthSprite": "M05",
      "browSprite": "B01/B02",
      "eyeSprite": "E13/E14",
      "armPose": "clasped",
      "visemeIndex": null
    }
  },
  "consoleErrors": [],
  "pass": false
}
